
> bandscope@0.1.3 check
> npm run lint && npm run typecheck && npm run test && npm run build


> bandscope@0.1.3 lint
> npm run lint:workspaces && npm run check:docs && npm run check:security-notes && npm run check:security-gates && npm run check:supply-chain && npm run check:github-bootstrap && npm run check:python-docstrings && npm run ruff:check && npm run ruff:format:check && npm run bandit:check


> bandscope@0.1.3 lint:workspaces
> npm run lint --workspaces --if-present


> @bandscope/desktop@0.1.0 lint
> eslint "src/**/*.{ts,tsx}" vite.config.ts


> @bandscope/shared-types@0.1.0 lint
> eslint "src/**/*.ts" "test/**/*.ts"


> bandscope@0.1.3 check:docs
> python3 scripts/checks/verify_docs.py

Documentation check passed

> bandscope@0.1.3 check:security-notes
> python3 scripts/checks/verify_security_notes.py

Security Notes check passed

> bandscope@0.1.3 check:security-gates
> python3 scripts/checks/security_gates.py

Security pattern gate passed

> bandscope@0.1.3 check:supply-chain
> python3 scripts/checks/verify_supply_chain.py

Supply-chain verification passed

> bandscope@0.1.3 check:github-bootstrap
> python3 scripts/checks/verify_github_bootstrap_policy.py

GitHub bootstrap policy check passed

> bandscope@0.1.3 check:python-docstrings
> python3 scripts/checks/run_analysis_command.py ruff check src tests ../../scripts --select D100,D101,D102,D103,D104,D105,D106,D107

All checks passed!
Running analysis command in /app/services/analysis-engine: uv run ruff check src tests ../../scripts --select D100,D101,D102,D103,D104,D105,D106,D107

> bandscope@0.1.3 ruff:check
> python3 scripts/checks/run_analysis_command.py ruff check src tests

All checks passed!
Running analysis command in /app/services/analysis-engine: uv run ruff check src tests

> bandscope@0.1.3 ruff:format:check
> python3 scripts/checks/run_analysis_command.py ruff format --check src tests

90 files already formatted
Running analysis command in /app/services/analysis-engine: uv run ruff format --check src tests

> bandscope@0.1.3 bandit:check
> python3 scripts/checks/run_analysis_command.py bandit -c pyproject.toml -r src

[main]	INFO	profile include tests: None
[main]	INFO	profile exclude tests: None
[main]	INFO	cli include tests: None
[main]	INFO	cli exclude tests: None
[main]	INFO	using config: pyproject.toml
[main]	INFO	running on Python 3.12.13
Run started:2026-09-24 07:25:58.843733+00:00

Test results:
	No issues identified.

Code scanned:
	Total lines of code: 6111
	Total lines skipped (#nosec): 0
	Total potential issues skipped due to specifically being disabled (e.g., #nosec BXXX): 0

Run metrics:
	Total issues (by severity):
		Undefined: 0
		Low: 0
		Medium: 0
		High: 0
	Total issues (by confidence):
		Undefined: 0
		Low: 0
		Medium: 0
		High: 0
Files skipped (0):
Running analysis command in /app/services/analysis-engine: uv run bandit -c pyproject.toml -r src

> bandscope@0.1.3 typecheck
> npm run typecheck --workspaces --if-present && python3 scripts/checks/run_analysis_command.py mypy src


> @bandscope/desktop@0.1.0 typecheck
> tsc --noEmit


> @bandscope/shared-types@0.1.0 typecheck
> tsc --noEmit

Success: no issues found in 48 source files
Running analysis command in /app/services/analysis-engine: uv run mypy src

> bandscope@0.1.3 test
> node scripts/checks/run_root_tests.mjs

Running root test command: npm run test --workspaces --if-present

> @bandscope/desktop@0.1.0 test
> node -e "require('node:fs').mkdirSync('coverage/.tmp', { recursive: true })" && vitest run --coverage


[1m[30m[46m RUN [49m[39m[22m [36mv4.1.10 [39m[90m/app/apps/desktop[39m
      [2mCoverage enabled with [22m[33mv8[39m

 [32m✓[39m src/features/workspace/PracticeProgress.test.tsx [2m([22m[2m10 tests[22m[2m)[22m[33m 1913[2mms[22m[39m
     [33m[2m✓[22m[39m renders the minimum boundary with a persistent accessible reason [33m 347[2mms[22m[39m
     [33m[2m✓[22m[39m shows the action tooltip after pointer hover [33m 761[2mms[22m[39m
 [32m✓[39m src/features/workspace/Workspace.test.tsx [2m([22m[2m16 tests[22m[2m)[22m[33m 2862[2mms[22m[39m
     [33m[2m✓[22m[39m updates practice progress immutably through onSongUpdate [33m 713[2mms[22m[39m
     [33m[2m✓[22m[39m renders collaboration summaries and role-specific rehearsal planning details [33m 382[2mms[22m[39m
 [32m✓[39m src/features/score/ScoreView.test.tsx [2m([22m[2m19 tests[22m[2m)[22m[33m 2432[2mms[22m[39m
     [33m[2m✓[22m[39m renders the empty attachment list with an enabled attach button [33m 685[2mms[22m[39m
 [32m✓[39m src/components/ui/ui-added.test.tsx [2m([22m[2m19 tests[22m[2m)[22m[33m 985[2mms[22m[39m
 [32m✓[39m src/features/score/ScoreViewer.test.tsx [2m([22m[2m12 tests[22m[2m)[22m[33m 822[2mms[22m[39m
 [32m✓[39m src/features/workspace/SectionRoadmap.test.tsx [2m([22m[2m6 tests[22m[2m)[22m[33m 637[2mms[22m[39m
 [32m✓[39m src/components/ui/slider-composition.test.tsx [2m([22m[2m4 tests[22m[2m)[22m[33m 553[2mms[22m[39m
     [33m[2m✓[22m[39m associates a visible SliderLabel with the nested range input [33m 335[2mms[22m[39m
 [32m✓[39m src/features/workspace/RoleSwitcher.test.tsx [2m([22m[2m4 tests[22m[2m)[22m[33m 388[2mms[22m[39m
     [33m[2m✓[22m[39m renders the title and role options [33m 306[2mms[22m[39m
 [32m✓[39m src/components/ui/ui-primitives.test.tsx [2m([22m[2m7 tests[22m[2m)[22m[33m 462[2mms[22m[39m
 [32m✓[39m src/features/ranges/index.test.tsx [2m([22m[2m5 tests[22m[2m)[22m[32m 207[2mms[22m[39m
 [32m✓[39m src/features/chords/index.test.tsx [2m([22m[2m4 tests[22m[2m)[22m[32m 160[2mms[22m[39m
 [32m✓[39m src/lib/analysis.test.ts [2m([22m[2m15 tests[22m[2m)[22m[32m 23[2mms[22m[39m
 [32m✓[39m src/lib/export.test.ts [2m([22m[2m17 tests[22m[2m)[22m[32m 18[2mms[22m[39m
 [32m✓[39m src/features/workspace/firstRangeSqueeze.test.ts [2m([22m[2m13 tests[22m[2m)[22m[32m 13[2mms[22m[39m
 [32m✓[39m src/features/score/pdfjs.test.ts [2m([22m[2m2 tests[22m[2m)[22m[32m 34[2mms[22m[39m
 [32m✓[39m src/features/score/scoreStorage.test.ts [2m([22m[2m1 test[22m[2m)[22m[32m 8[2mms[22m[39m
 [32m✓[39m src/i18n/index.test.ts [2m([22m[2m9 tests[22m[2m)[22m[32m 8[2mms[22m[39m
 [32m✓[39m src/App.test.tsx [2m([22m[2m63 tests[22m[2m)[22m[33m 30656[2mms[22m[39m
     [33m[2m✓[22m[39m renders the rehearsal cockpit shell before analysis starts [33m 919[2mms[22m[39m
     [33m[2m✓[22m[39m renders localized Korean shell copy for buyer-demo surfaces [33m 419[2mms[22m[39m
     [33m[2m✓[22m[39m renders the loaded song as a dark rehearsal command board [33m 577[2mms[22m[39m
     [33m[2m✓[22m[39m renders a rehearsal song structure timeline from real section ranges [33m 607[2mms[22m[39m
     [33m[2m✓[22m[39m does not show unavailable analysis metrics as detected facts [33m 557[2mms[22m[39m
     [33m[2m✓[22m[39m summarizes confidence from the lowest-confidence loaded section [33m 626[2mms[22m[39m
     [33m[2m✓[22m[39m short-circuits confidence evaluation when encountering a low confidence section [33m 647[2mms[22m[39m
     [33m[2m✓[22m[39m selects a local audio source and starts a local-audio analysis job [33m 741[2mms[22m[39m
     [33m[2m✓[22m[39m shows a safe file-intake error for unsupported local audio selection [33m 327[2mms[22m[39m
     [33m[2m✓[22m[39m preserves safe file-read failure copy from the intake bridge [33m 498[2mms[22m[39m
     [33m[2m✓[22m[39m starts an analysis job and renders the returned rehearsal result [33m 834[2mms[22m[39m
     [33m[2m✓[22m[39m shows the engine stage label and accessible progress value while analysis runs [33m 528[2mms[22m[39m
     [33m[2m✓[22m[39m animates rendered progress toward the running job target [33m 660[2mms[22m[39m
     [33m[2m✓[22m[39m uses translated progress labels when status payloads omit a progress label [33m 582[2mms[22m[39m
     [33m[2m✓[22m[39m falls back to failed progress copy when a pushed status has no error details [33m 521[2mms[22m[39m
     [33m[2m✓[22m[39m holds a terminal progress value immediately for pushed failed statuses [33m 526[2mms[22m[39m
     [33m[2m✓[22m[39m cleans up a late status subscription when the running view unmounts first [33m 418[2mms[22m[39m
     [33m[2m✓[22m[39m marks the active job failed when polling returns a malformed status [33m 759[2mms[22m[39m
     [33m[2m✓[22m[39m ignores malformed poll results after a pushed update changes the active job [33m 823[2mms[22m[39m
     [33m[2m✓[22m[39m ignores transport poll failures after a pushed update changes the active job [33m 810[2mms[22m[39m
     [33m[2m✓[22m[39m applies pushed analysis status updates over the IPC event bridge [33m 709[2mms[22m[39m
     [33m[2m✓[22m[39m keeps handoff metadata tied to the source that produced the current result [33m 1462[2mms[22m[39m
     [33m[2m✓[22m[39m shows a safe failed status when the job poll returns an error [33m 789[2mms[22m[39m
     [33m[2m✓[22m[39m falls back to a generic failure message when the engine omits details [33m 867[2mms[22m[39m
     [33m[2m✓[22m[39m keeps polling the active job when one polling request rejects [33m 1056[2mms[22m[39m
     [33m[2m✓[22m[39m shows a generic failure when starting the job rejects [33m 459[2mms[22m[39m
     [33m[2m✓[22m[39m shows the direct failure message when start returns a failed job [33m 414[2mms[22m[39m
     [33m[2m✓[22m[39m falls back to generic text when start returns a failed job without details [33m 396[2mms[22m[39m
     [33m[2m✓[22m[39m renders the result immediately when start returns a succeeded job [33m 446[2mms[22m[39m
     [33m[2m✓[22m[39m imports a YouTube URL successfully [33m 345[2mms[22m[39m
     [33m[2m✓[22m[39m clears the YouTube URL without clearing local selection errors and returns focus to the input [33m 1403[2mms[22m[39m
     [33m[2m✓[22m[39m handles YouTube import failure with a message [33m 664[2mms[22m[39m
     [33m[2m✓[22m[39m handles generic exception during YouTube import [33m 690[2mms[22m[39m
     [33m[2m✓[22m[39m rejects empty YouTube URL [33m 312[2mms[22m[39m
     [33m[2m✓[22m[39m loads a project and updates the UI [33m 302[2mms[22m[39m
     [33m[2m✓[22m[39m saves a project successfully [33m 448[2mms[22m[39m
     [33m[2m✓[22m[39m handles saving a project failure gracefully [33m 521[2mms[22m[39m
     [33m[2m✓[22m[39m ignores cancellation when saving a project with Error object [33m 463[2mms[22m[39m
     [33m[2m✓[22m[39m handles saving a project failure with string error gracefully [33m 526[2mms[22m[39m
     [33m[2m✓[22m[39m redacts links, local paths, and secret assignments from project save failures [33m 514[2mms[22m[39m
     [33m[2m✓[22m[39m ignores cancellation when saving a project with string error [33m 470[2mms[22m[39m
     [33m[2m✓[22m[39m handles song update from workspace [33m 366[2mms[22m[39m
     [33m[2m✓[22m[39m switches to the Score view after a project is loaded [33m 504[2mms[22m[39m
     [33m[2m✓[22m[39m switches to the Score view from the compact mobile navigation [33m 364[2mms[22m[39m

[2m Test Files [22m [1m[32m18 passed[39m[22m[90m (18)[39m
[2m      Tests [22m [1m[32m226 passed[39m[22m[90m (226)[39m
[2m   Start at [22m 07:26:09
[2m   Duration [22m 34.08s[2m (transform 1.95s, setup 2.14s, import 7.75s, tests 42.18s, environment 19.63s)[22m

[34m % [39m[2mCoverage report from [22m[33mv8[39m
-------------------|---------|----------|---------|---------|-------------------
File               | % Stmts | % Branch | % Funcs | % Lines | Uncovered Line #s
-------------------|---------|----------|---------|---------|-------------------
All files          |     100 |      100 |     100 |     100 |
 src               |     100 |      100 |     100 |     100 |
  App.tsx          |     100 |      100 |     100 |     100 |
 ...features/score |     100 |      100 |     100 |     100 |
  ScoreView.tsx    |     100 |      100 |     100 |     100 |
  ScoreViewer.tsx  |     100 |      100 |     100 |     100 |
  scoreStorage.ts  |     100 |      100 |     100 |     100 |
 src/i18n          |     100 |      100 |     100 |     100 |
  index.ts         |     100 |      100 |     100 |     100 |
 src/lib           |     100 |      100 |     100 |     100 |
  export.ts        |     100 |      100 |     100 |     100 |
-------------------|---------|----------|---------|---------|-------------------

> @bandscope/shared-types@0.1.0 test
> vitest run --coverage


[1m[30m[46m RUN [49m[39m[22m [36mv4.1.10 [39m[90m/app/packages/shared-types[39m
      [2mCoverage enabled with [22m[33mv8[39m

 [32m✓[39m test/index.test.ts [2m([22m[2m20 tests[22m[2m)[22m[32m 134[2mms[22m[39m

[2m Test Files [22m [1m[32m1 passed[39m[22m[90m (1)[39m
[2m      Tests [22m [1m[32m20 passed[39m[22m[90m (20)[39m
[2m   Start at [22m 07:26:44
[2m   Duration [22m 681ms[2m (transform 173ms, setup 0ms, import 236ms, tests 134ms, environment 0ms)[22m

[34m % [39m[2mCoverage report from [22m[33mv8[39m
----------|---------|----------|---------|---------|-------------------
File      | % Stmts | % Branch | % Funcs | % Lines | Uncovered Line #s
----------|---------|----------|---------|---------|-------------------
All files |     100 |      100 |     100 |     100 |
 index.ts |     100 |      100 |     100 |     100 |
----------|---------|----------|---------|---------|-------------------
============================= test session starts ==============================
platform linux -- Python 3.12.13, pytest-9.0.3, pluggy-1.6.0
rootdir: /app/services/analysis-engine
configfile: pyproject.toml
plugins: cov-7.0.0
collected 704 items

tests/test_activity.py ........                                          [  1%]
tests/test_anchors.py ....                                               [  1%]
tests/test_api.py ............................                           [  5%]
tests/test_articulation.py ..........                                    [  7%]
tests/test_artifact_extractors.py ......                                 [  7%]
tests/test_branch_coverage_contract.py ............                      [  9%]
tests/test_chart_export.py ...........................                   [ 13%]
tests/test_chord_recognizer.py ....................                      [ 16%]
tests/test_chords.py .............................                       [ 20%]
tests/test_cli.py .................                                      [ 22%]
tests/test_extractor.py ......                                           [ 23%]
tests/test_function_analyzer.py ........................................ [ 29%]
.........                                                                [ 30%]
tests/test_groove.py .........                                           [ 31%]
tests/test_health.py .                                                   [ 32%]
tests/test_high_security_dependency_baseline.py ..                       [ 32%]
tests/test_hits.py .......                                               [ 33%]
tests/test_key_detector.py ........                                      [ 34%]
tests/test_native_dispatch.py ..                                         [ 34%]
tests/test_npm_toolchain_contract.py ......                              [ 35%]
tests/test_numeric_parity.py sssssssssssssssssssssss                     [ 38%]
tests/test_pipeline_integration.py .........                             [ 40%]
tests/test_pitch_tracker.py ...............                              [ 42%]
tests/test_priority.py ...........                                       [ 43%]
tests/test_range_pressure.py ............                                [ 45%]
tests/test_ranges.py .........................                           [ 49%]
tests/test_register_overlap.py ...............                           [ 51%]
tests/test_release_asset_selection.py ........                           [ 52%]
tests/test_release_metadata.py .......                                   [ 53%]
tests/test_release_packaging.py .........                                [ 54%]
tests/test_roles.py .......                                              [ 55%]
tests/test_roles_ml.py ...                                               [ 56%]
tests/test_section_harmony.py ...........                                [ 57%]
tests/test_segmenter.py ............................                     [ 61%]
tests/test_separation.py ..............................s.                [ 66%]
tests/test_supply_chain_policy.py ...................................... [ 71%]
........................................................................ [ 81%]
.............................................                            [ 88%]
tests/test_tempo_stability.py .............                              [ 90%]
tests/test_temporal.py ............                                      [ 91%]
tests/test_transcription.py .........                                    [ 93%]
tests/test_transposition.py ............................                 [ 97%]
tests/test_tuning.py .....                                               [ 97%]
tests/test_youtube.py ................                                   [100%]

=============================== warnings summary ===============================
tests/test_segmenter.py::test_segment_with_boundaries_uses_single_boundary_computation
  /app/services/analysis-engine/.venv/lib/python3.12/site-packages/librosa/core/pitch.py:103: UserWarning: Trying to estimate tuning from empty frequency set.
    return pitch_tuning(

tests/test_temporal.py::test_temporal_analyzer_does_not_suppress_unrelated_loader_warnings
  /app/services/analysis-engine/.venv/lib/python3.12/site-packages/librosa/core/spectrum.py:266: UserWarning: n_fft=2048 is too large for input signal of length=1024
    warnings.warn(

-- Docs: https://docs.pytest.org/en/stable/how-to/capture-warnings.html
================================ tests coverage ================================
_______________ coverage: platform linux, python 3.12.13-final-0 _______________

Name                                                   Stmts   Miss Branch BrPart  Cover   Missing
--------------------------------------------------------------------------------------------------
src/bandscope_analysis/__init__.py                         3      0      0      0   100%
src/bandscope_analysis/_native.py                         11      0      0      0   100%
src/bandscope_analysis/api.py                            613      0    240      0   100%
src/bandscope_analysis/chords/__init__.py                  8      0      0      0   100%
src/bandscope_analysis/chords/analyzer.py                116      0     54      0   100%
src/bandscope_analysis/chords/capo.py                     57      0     26      0   100%
src/bandscope_analysis/chords/chord_recognizer.py        194      0     52      0   100%
src/bandscope_analysis/chords/function_analyzer.py        50      0     24      0   100%
src/bandscope_analysis/chords/key_detector.py             55      0     10      0   100%
src/bandscope_analysis/chords/model.py                    15      0      0      0   100%
src/bandscope_analysis/chords/section_harmony.py          59      0     18      0   100%
src/bandscope_analysis/chords/transposition.py            66      0     14      0   100%
src/bandscope_analysis/cli.py                             68      0     24      0   100%
src/bandscope_analysis/exports/__init__.py                 2      0      0      0   100%
src/bandscope_analysis/exports/chart.py                  161      0     82      0   100%
src/bandscope_analysis/health.py                           7      0      0      0   100%
src/bandscope_analysis/ranges/__init__.py                  5      0      0      0   100%
src/bandscope_analysis/ranges/analyzer.py                101      0     44      0   100%
src/bandscope_analysis/ranges/model.py                    19      0      0      0   100%
src/bandscope_analysis/ranges/pitch_tracker.py            54      0     16      0   100%
src/bandscope_analysis/ranges/pressure.py                 70      0     10      0   100%
src/bandscope_analysis/roles/__init__.py                   4      0      0      0   100%
src/bandscope_analysis/roles/activity.py                  58      0     26      0   100%
src/bandscope_analysis/roles/articulation.py              50      0     12      0   100%
src/bandscope_analysis/roles/extractor.py                116      0     46      0   100%
src/bandscope_analysis/roles/model.py                     58      0      0      0   100%
src/bandscope_analysis/roles/overlap.py                   33      0     12      0   100%
src/bandscope_analysis/roles/priority.py                  13      0      4      0   100%
src/bandscope_analysis/roles/tuning.py                    11      0      6      0   100%
src/bandscope_analysis/sections/__init__.py                6      0      0      0   100%
src/bandscope_analysis/sections/anchors.py                 5      0      0      0   100%
src/bandscope_analysis/sections/extractor.py              38      0      8      0   100%
src/bandscope_analysis/sections/model.py                  35      0      0      0   100%
src/bandscope_analysis/sections/segmenter.py             195      0     74      0   100%
src/bandscope_analysis/sections/utils.py                   8      0      2      0   100%
src/bandscope_analysis/separation/__init__.py              4      0      0      0   100%
src/bandscope_analysis/separation/audio_separator.py     109      0     18      0   100%
src/bandscope_analysis/separation/model.py                31      0      0      0   100%
src/bandscope_analysis/separation/separator.py            32      0     12      0   100%
src/bandscope_analysis/temporal/__init__.py                5      0      0      0   100%
src/bandscope_analysis/temporal/analyzer.py               63      0     16      0   100%
src/bandscope_analysis/temporal/groove.py                 62      0     14      0   100%
src/bandscope_analysis/temporal/hits.py                   88      0     34      0   100%
src/bandscope_analysis/temporal/model.py                   9      0      0      0   100%
src/bandscope_analysis/temporal/stability.py              72      0     24      0   100%
src/bandscope_analysis/transcription/__init__.py           2      0      0      0   100%
src/bandscope_analysis/transcription/api.py               95      0     32      0   100%
src/bandscope_analysis/youtube.py                         84      0     32      0   100%
--------------------------------------------------------------------------------------------------
TOTAL                                                   3020      0    986      0   100%
Required test coverage of 100% reached. Total coverage: 100.00%
============ 680 passed, 24 skipped, 2 warnings in 73.68s (0:01:13) ============
Running analysis command in /app/services/analysis-engine: uv run pytest tests --cov=src/bandscope_analysis --cov-report=term-missing --cov-fail-under=100

> bandscope@0.1.3 build
> npm run build --workspaces --if-present


> @bandscope/desktop@0.1.0 build
> vite build

vite v8.2.1 building client environment for production...
[2Ktransforming...✓ 2084 modules transformed.
rendering chunks...
computing gzip size...
dist/index.html                                                0.45 kB │ gzip:   0.29 kB
dist/assets/geist-cyrillic-ext-wght-normal-DjL33-gN.woff2      7.42 kB
dist/assets/geist-vietnamese-wght-normal-6IgcOCM7.woff2        8.00 kB
dist/assets/geist-cyrillic-wght-normal-BEAKL7Jp.woff2         15.08 kB
dist/assets/geist-latin-ext-wght-normal-DC-KSUi6.woff2        16.51 kB
dist/assets/geist-latin-wght-normal-BgDaEnEv.woff2            29.40 kB
dist/assets/pdf.worker.min-CHFwMXne.mjs                    1,262.39 kB
dist/assets/index-QPB4Vnuv.css                               100.89 kB │ gzip:  16.29 kB
dist/assets/index-BA0Sgkd4.js                                935.80 kB │ gzip: 285.17 kB

✓ built in 995ms
[plugin builtin:vite-reporter]
(!) Some chunks are larger than 500 kB after minification. Consider:
- Using dynamic import() to code-split the application
- Use build.rolldownOptions.output.codeSplitting to improve chunking: https://rolldown.rs/reference/OutputOptions.codeSplitting
- Adjust chunk size limit for this warning via build.chunkSizeWarningLimit.
